
> perfume-store@0.1.0 build
> next build

Γû▓ Next.js 16.1.7 (Turbopack)
- Environments: .env.local

  Creating an optimized production build ...
Γ£ô Compiled successfully in 14.0s
  Running TypeScript ...
  Collecting page data using 11 workers ...
  Generating static pages using 11 workers (0/17) ...
  Generating static pages using 11 workers (4/17) 
  Generating static pages using 11 workers (8/17) 
  Generating static pages using 11 workers (12/17) 
Γ£ô Generating static pages using 11 workers (17/17) in 1226.5ms
  Finalizing page optimization ...

Route (app)
Γöî Γùï /
Γö£ Γùï /_not-found
Γö£ Γùï /about
Γö£ Γùï /account
Γö£ Γùï /admin
Γö£ Γùï /checkout
Γö£ Γùï /contact
Γö£ Γùï /deals
Γö£ Γùï /faq
Γö£ Γùï /login
Γö£ Γùï /orders
Γö£ ╞Æ /orders/[id]
Γö£ Γùï /privacy
Γö£ ╞Æ /product/[id]
Γö£ Γùï /shop
Γö£ Γùï /signup
Γöö Γùï /terms


Γùï  (Static)   prerendered as static content
╞Æ  (Dynamic)  server-rendered on demand

